Archive member included because of file (symbol)

.\CortexM0\ARM_GCC_493\Debug\ADXL345_sleep_xbee.a(cyfitter_cfg.o)
                              .\CortexM0\ARM_GCC_493\Debug\Cm0Start.o (cyfitter_cfg)
.\CortexM0\ARM_GCC_493\Debug\ADXL345_sleep_xbee.a(Accelero.o)
                              .\CortexM0\ARM_GCC_493\Debug\fonction.o (Accelero_Start)
.\CortexM0\ARM_GCC_493\Debug\ADXL345_sleep_xbee.a(Accelero_I2C.o)
                              .\CortexM0\ARM_GCC_493\Debug\ADXL345_sleep_xbee.a(Accelero.o) (Accelero_I2CInit)
.\CortexM0\ARM_GCC_493\Debug\ADXL345_sleep_xbee.a(Accelero_I2C_MASTER.o)
                              .\CortexM0\ARM_GCC_493\Debug\ADXL345_sleep_xbee.a(Accelero_I2C.o) (Accelero_mstrRdBufIndex)
.\CortexM0\ARM_GCC_493\Debug\ADXL345_sleep_xbee.a(Accelero_sda.o)
                              .\CortexM0\ARM_GCC_493\Debug\ADXL345_sleep_xbee.a(Accelero_I2C_MASTER.o) (Accelero_sda_Read)
.\CortexM0\ARM_GCC_493\Debug\ADXL345_sleep_xbee.a(Accelero_scl.o)
                              .\CortexM0\ARM_GCC_493\Debug\ADXL345_sleep_xbee.a(Accelero_I2C_MASTER.o) (Accelero_scl_Write)
.\CortexM0\ARM_GCC_493\Debug\ADXL345_sleep_xbee.a(CyLib.o)
                              .\CortexM0\ARM_GCC_493\Debug\ADXL345_sleep_xbee.a(Accelero.o) (CyIntEnable)
.\CortexM0\ARM_GCC_493\Debug\ADXL345_sleep_xbee.a(cyPm.o)
                              .\CortexM0\ARM_GCC_493\Debug\main.o (CySysPmDeepSleep)
.\CortexM0\ARM_GCC_493\Debug\ADXL345_sleep_xbee.a(CyLFClk.o)
                              .\CortexM0\ARM_GCC_493\Debug\fonction.o (CySysWdtSetMode)
.\CortexM0\ARM_GCC_493\Debug\ADXL345_sleep_xbee.a(Pin_gestion_sleep_xbee.o)
                              .\CortexM0\ARM_GCC_493\Debug\main.o (Pin_gestion_sleep_xbee_Write)
.\CortexM0\ARM_GCC_493\Debug\ADXL345_sleep_xbee.a(zigbee.o)
                              .\CortexM0\ARM_GCC_493\Debug\fonction.o (zigbee_Start)
.\CortexM0\ARM_GCC_493\Debug\ADXL345_sleep_xbee.a(zigbee_PM.o)
                              .\CortexM0\ARM_GCC_493\Debug\fonction.o (zigbee_Sleep)
.\CortexM0\ARM_GCC_493\Debug\ADXL345_sleep_xbee.a(Pin_tx.o)
                              .\CortexM0\ARM_GCC_493\Debug\fonction.o (Pin_tx_SetDriveMode)
.\CortexM0\ARM_GCC_493\Debug\ADXL345_sleep_xbee.a(zigbee_IntClock.o)
                              .\CortexM0\ARM_GCC_493\Debug\ADXL345_sleep_xbee.a(zigbee.o) (zigbee_IntClock_Start)
.\CortexM0\ARM_GCC_493\Debug\ADXL345_sleep_xbee.a(WdtIsr.o)
                              .\CortexM0\ARM_GCC_493\Debug\fonction.o (WdtIsr_StartEx)
.\CortexM0\ARM_GCC_493\Debug\ADXL345_sleep_xbee.a(Accelero_I2C_INT.o)
                              .\CortexM0\ARM_GCC_493\Debug\ADXL345_sleep_xbee.a(Accelero_I2C.o) (Accelero_I2C_ISR)
.\CortexM0\ARM_GCC_493\Debug\ADXL345_sleep_xbee.a(CyBootAsmGnu.o)
                              .\CortexM0\ARM_GCC_493\Debug\ADXL345_sleep_xbee.a(CyLib.o) (CyDelayCycles)
c:/program files (x86)/cypress/psoc creator/3.3/psoc creator/import/gnu/arm/4.9.3/bin/../lib/gcc/arm-none-eabi/4.9.3/../../../../arm-none-eabi/lib/armv6-m\libm.a(lib_a-w_sqrt.o)
                              .\CortexM0\ARM_GCC_493\Debug\fonction.o (sqrt)
c:/program files (x86)/cypress/psoc creator/3.3/psoc creator/import/gnu/arm/4.9.3/bin/../lib/gcc/arm-none-eabi/4.9.3/../../../../arm-none-eabi/lib/armv6-m\libm.a(lib_a-e_sqrt.o)
                              c:/program files (x86)/cypress/psoc creator/3.3/psoc creator/import/gnu/arm/4.9.3/bin/../lib/gcc/arm-none-eabi/4.9.3/../../../../arm-none-eabi/lib/armv6-m\libm.a(lib_a-w_sqrt.o) (__ieee754_sqrt)
c:/program files (x86)/cypress/psoc creator/3.3/psoc creator/import/gnu/arm/4.9.3/bin/../lib/gcc/arm-none-eabi/4.9.3/../../../../arm-none-eabi/lib/armv6-m\libm.a(lib_a-s_fpclassify.o)
                              c:/program files (x86)/cypress/psoc creator/3.3/psoc creator/import/gnu/arm/4.9.3/bin/../lib/gcc/arm-none-eabi/4.9.3/../../../../arm-none-eabi/lib/armv6-m\libm.a(lib_a-w_sqrt.o) (__fpclassifyd)
c:/program files (x86)/cypress/psoc creator/3.3/psoc creator/import/gnu/arm/4.9.3/bin/../lib/gcc/arm-none-eabi/4.9.3/../../../../arm-none-eabi/lib/armv6-m\libm.a(lib_a-s_lib_ver.o)
                              c:/program files (x86)/cypress/psoc creator/3.3/psoc creator/import/gnu/arm/4.9.3/bin/../lib/gcc/arm-none-eabi/4.9.3/../../../../arm-none-eabi/lib/armv6-m\libm.a(lib_a-w_sqrt.o) (__fdlib_version)
c:/program files (x86)/cypress/psoc creator/3.3/psoc creator/import/gnu/arm/4.9.3/bin/../lib/gcc/arm-none-eabi/4.9.3/../../../../arm-none-eabi/lib/armv6-m\libm.a(lib_a-s_matherr.o)
                              c:/program files (x86)/cypress/psoc creator/3.3/psoc creator/import/gnu/arm/4.9.3/bin/../lib/gcc/arm-none-eabi/4.9.3/../../../../arm-none-eabi/lib/armv6-m\libm.a(lib_a-w_sqrt.o) (matherr)
c:/program files (x86)/cypress/psoc creator/3.3/psoc creator/import/gnu/arm/4.9.3/bin/../lib/gcc/arm-none-eabi/4.9.3/armv6-m\libgcc.a(_udivsi3.o)
                              .\CortexM0\ARM_GCC_493\Debug\fonction.o (__aeabi_uidiv)
[...]
Memory Configuration

Name             Origin             Length             Attributes
rom              0x00000000         0x00008000         xr
ram              0x20000000         0x00001000         xrw
*default*        0x00000000         0xffffffff

Linker script and memory map

LOAD c:/program files (x86)/cypress/psoc creator/3.3/psoc creator/import/gnu/arm/4.9.3/bin/../lib/gcc/arm-none-eabi/4.9.3/armv6-m/crti.o
LOAD c:/program files (x86)/cypress/psoc creator/3.3/psoc creator/import/gnu/arm/4.9.3/bin/../lib/gcc/arm-none-eabi/4.9.3/armv6-m/crtbegin.o
LOAD c:/program files (x86)/cypress/psoc creator/3.3/psoc creator/import/gnu/arm/4.9.3/bin/../lib/gcc/arm-none-eabi/4.9.3/../../../../arm-none-eabi/lib/armv6-m/crt0.o
START GROUP
LOAD .\CortexM0\ARM_GCC_493\Debug\main.o
LOAD .\CortexM0\ARM_GCC_493\Debug\fonction.o
LOAD .\CortexM0\ARM_GCC_493\Debug\cymetadata.o
LOAD .\CortexM0\ARM_GCC_493\Debug\Cm0Start.o
LOAD .\CortexM0\ARM_GCC_493\Debug\ADXL345_sleep_xbee.a
LOAD C:\Program Files (x86)\Cypress\PSoC Creator\3.3\PSoC Creator\psoc\content\cycomponentlibrary\CyComponentLibrary.cylib\CortexM0\ARM_GCC_493\Debug\CyComponentLibrary.a
LOAD c:/program files (x86)/cypress/psoc creator/3.3/psoc creator/import/gnu/arm/4.9.3/bin/../lib/gcc/arm-none-eabi/4.9.3/../../../../arm-none-eabi/lib/armv6-m\libm.a
END GROUP
START GROUP
LOAD c:/program files (x86)/cypress/psoc creator/3.3/psoc creator/import/gnu/arm/4.9.3/bin/../lib/gcc/arm-none-eabi/4.9.3/armv6-m\libgcc.a
LOAD c:/program files (x86)/cypress/psoc creator/3.3/psoc creator/import/gnu/arm/4.9.3/bin/../lib/gcc/arm-none-eabi/4.9.3/../../../../arm-none-eabi/lib/armv6-m\libg_nano.a
LOAD c:/program files (x86)/cypress/psoc creator/3.3/psoc creator/import/gnu/arm/4.9.3/bin/../lib/gcc/arm-none-eabi/4.9.3/../../../../arm-none-eabi/lib/armv6-m\libc_nano.a
END GROUP
START GROUP
LOAD c:/program files (x86)/cypress/psoc creator/3.3/psoc creator/import/gnu/arm/4.9.3/bin/../lib/gcc/arm-none-eabi/4.9.3/armv6-m\libgcc.a
LOAD c:/program files (x86)/cypress/psoc creator/3.3/psoc creator/import/gnu/arm/4.9.3/bin/../lib/gcc/arm-none-eabi/4.9.3/../../../../arm-none-eabi/lib/armv6-m\libc_nano.a
END GROUP
LOAD c:/program files (x86)/cypress/psoc creator/3.3/psoc creator/import/gnu/arm/4.9.3/bin/../lib/gcc/arm-none-eabi/4.9.3/armv6-m/crtend.o
LOAD c:/program files (x86)/cypress/psoc creator/3.3/psoc creator/import/gnu/arm/4.9.3/bin/../lib/gcc/arm-none-eabi/4.9.3/armv6-m/crtn.o
START GROUP
LOAD c:/program files (x86)/cypress/psoc creator/3.3/psoc creator/import/gnu/arm/4.9.3/bin/../lib/gcc/arm-none-eabi/4.9.3/armv6-m\libgcc.a
LOAD c:/program files (x86)/cypress/psoc creator/3.3/psoc creator/import/gnu/arm/4.9.3/bin/../lib/gcc/arm-none-eabi/4.9.3/../../../../arm-none-eabi/lib/armv6-m\libc.a
LOAD c:/program files (x86)/cypress/psoc creator/3.3/psoc creator/import/gnu/arm/4.9.3/bin/../lib/gcc/arm-none-eabi/4.9.3/../../../../arm-none-eabi/lib/armv6-m\libnosys.a
END GROUP
                0x00000000                CY_APPL_ORIGIN = 0x0
                0x00000080                CY_FLASH_ROW_SIZE = 0x80
                0x00000001                CY_APPL_NUM = 0x1
                0x00000001                CY_APPL_MAX = 0x1
                0x00000040                CY_METADATA_SIZE = 0x40
                0x00000000                CY_APPL_LOADABLE = 0x0
                0x00000000                CY_CHECKSUM_EXCLUDE_SIZE = ALIGN (0x0, CY_FLASH_ROW_SIZE)
                0x00000000                CY_APP_FOR_STACK_AND_COPIER = 0x0
                0x200001a0                PROVIDE (__cy_heap_start, _end)
                0x00000001                PROVIDE (__cy_region_num, ((__cy_regions_end - __cy_regions) / 0x10))
                0x20001000                PROVIDE (__cy_stack, (ORIGIN (ram) + 0x1000))
                0x20000800                PROVIDE (__cy_heap_end, (__cy_stack - 0x800))

.cybootloader   0x00000000        0x0
 *(.cybootloader)
                0x00000000                appl1_start = CY_APPL_ORIGIN?CY_APPL_ORIGIN:ALIGN (CY_FLASH_ROW_SIZE)
                0x00003f80                appl2_start = (appl1_start + ALIGN ((((0x8000 - appl1_start) - (0x2 * CY_FLASH_ROW_SIZE)) / 0x2), CY_FLASH_ROW_SIZE))
                0x00000000                appl_start = (CY_APPL_NUM == 0x1)?appl1_start:appl2_start
                0x00000001                cy_project_type_bootloader = (appl_start == 0x0)?0x1:0x0
                0x00000000                cy_project_type_app_for_stack_and_copier = (CY_APP_FOR_STACK_AND_COPIER == 0x1)?0x1:0x0

.text           0x00000000     0x3680
 CREATE_OBJECT_SYMBOLS
                0x00000000                PROVIDE (__cy_interrupt_vector, RomVectors)
 *(.romvectors)
 .romvectors    0x00000000       0x10 .\CortexM0\ARM_GCC_493\Debug\Cm0Start.o
                0x00000000                RomVectors
                0x00000001                ASSERT ((. != __cy_interrupt_vector), No interrupt vector)
                0x00000001                ASSERT (CY_APPL_ORIGIN?(SIZEOF (.cybootloader) <= CY_APPL_ORIGIN):0x1, Wrong image location)
                0x00000010                PROVIDE (__cy_reset, Reset)
 *(.text.Reset)
 .text.Reset    0x00000010        0x8 .\CortexM0\ARM_GCC_493\Debug\Cm0Start.o
                0x00000010                Reset
                0x00000001                ASSERT ((. != __cy_reset), No reset code)
 *(.psocinit)
 .psocinit      0x00000018      0x170 .\CortexM0\ARM_GCC_493\Debug\ADXL345_sleep_xbee.a(cyfitter_cfg.o)
                0x00000098                cyfitter_cfg
                0x00000188                . = MAX (., 0x100)
 *(.text .text.* .gnu.linkonce.t.*)
 .text          0x00000188       0x60 c:/program files (x86)/cypress/psoc creator/3.3/psoc creator/import/gnu/arm/4.9.3/bin/../lib/gcc/arm-none-eabi/4.9.3/armv6-m/crtbegin.o
 .text.isr_wdt  0x000001e8       0x14 .\CortexM0\ARM_GCC_493\Debug\main.o
                0x000001e8                isr_wdt
 .text.main     0x000001fc       0x74 .\CortexM0\ARM_GCC_493\Debug\main.o
                0x000001fc                main
 .text.initialisation_projet
                0x00000270       0x50 .\CortexM0\ARM_GCC_493\Debug\fonction.o
                0x00000270                initialisation_projet
 .text.accelero_calcul_norme_acc_efficace
                0x000002c0       0x20 .\CortexM0\ARM_GCC_493\Debug\fonction.o
                0x000002c0                accelero_calcul_norme_acc_efficace
 .text.accelero_transmission
                0x000002e0       0x84 .\CortexM0\ARM_GCC_493\Debug\fonction.o
                0x000002e0                accelero_transmission
 .text.accelero_write
                0x00000364       0x24 .\CortexM0\ARM_GCC_493\Debug\fonction.o
                0x00000364                accelero_write
 .text.accelero_init
                0x00000388       0x2c .\CortexM0\ARM_GCC_493\Debug\fonction.o
                0x00000388                accelero_init
 .text.accelero_acquisition_efficace
                0x000003b4      0x160 .\CortexM0\ARM_GCC_493\Debug\fonction.o
                0x000003b4                accelero_acquisition_efficace
 .text.IntDefaultHandler
                0x00000514        0x4 .\CortexM0\ARM_GCC_493\Debug\Cm0Start.o
                0x00000514                IntDefaultHandler
 .text.Start_c  0x00000518       0x48 .\CortexM0\ARM_GCC_493\Debug\Cm0Start.o
                0x00000518                Start_c
 .text.initialize_psoc
                0x00000560       0x48 .\CortexM0\ARM_GCC_493\Debug\Cm0Start.o
                0x00000560                initialize_psoc
 .text.cfg_write_bytes32
                0x000005a8       0x34 .\CortexM0\ARM_GCC_493\Debug\ADXL345_sleep_xbee.a(cyfitter_cfg.o)
 .text.CYMEMZERO
                0x000005dc        0xc .\CortexM0\ARM_GCC_493\Debug\ADXL345_sleep_xbee.a(cyfitter_cfg.o)
 .text.Accelero_ScbEnableIntr
                0x000005e8        0xc .\CortexM0\ARM_GCC_493\Debug\ADXL345_sleep_xbee.a(Accelero.o)
 .text.Accelero_ScbModeStop
                0x000005f4        0x8 .\CortexM0\ARM_GCC_493\Debug\ADXL345_sleep_xbee.a(Accelero.o)
 .text.Accelero_Init
                0x000005fc        0x8 .\CortexM0\ARM_GCC_493\Debug\ADXL345_sleep_xbee.a(Accelero.o)
                0x000005fc                Accelero_Init
 .text.Accelero_Enable
                0x00000604       0x18 .\CortexM0\ARM_GCC_493\Debug\ADXL345_sleep_xbee.a(Accelero.o)
                0x00000604                Accelero_Enable
 .text.Accelero_Start
                0x0000061c       0x20 .\CortexM0\ARM_GCC_493\Debug\ADXL345_sleep_xbee.a(Accelero.o)
                0x0000061c                Accelero_Start
 .text.Accelero_Stop
                0x0000063c       0x2c .\CortexM0\ARM_GCC_493\Debug\ADXL345_sleep_xbee.a(Accelero.o)
                0x0000063c                Accelero_Stop
 .text.Accelero_I2CInit
                0x00000668       0xcc .\CortexM0\ARM_GCC_493\Debug\ADXL345_sleep_xbee.a(Accelero_I2C.o)
                0x00000668                Accelero_I2CInit
 .text.Accelero_I2CStop
                0x00000734        0xc .\CortexM0\ARM_GCC_493\Debug\ADXL345_sleep_xbee.a(Accelero_I2C.o)
                0x00000734                Accelero_I2CStop
 .text.Accelero_I2CMasterStatus
                0x00000740       0x30 .\CortexM0\ARM_GCC_493\Debug\ADXL345_sleep_xbee.a(Accelero_I2C_MASTER.o)
                0x00000740                Accelero_I2CMasterStatus
 .text.Accelero_I2CReStartGeneration
                0x00000770       0x90 .\CortexM0\ARM_GCC_493\Debug\ADXL345_sleep_xbee.a(Accelero_I2C_MASTER.o)
                0x00000770                Accelero_I2CReStartGeneration
 .text.Accelero_I2CMasterWriteBuf
                0x00000800       0xec .\CortexM0\ARM_GCC_493\Debug\ADXL345_sleep_xbee.a(Accelero_I2C_MASTER.o)
                0x00000800                Accelero_I2CMasterWriteBuf
 .text.Accelero_I2CMasterReadBuf
                0x000008ec       0xfc .\CortexM0\ARM_GCC_493\Debug\ADXL345_sleep_xbee.a(Accelero_I2C_MASTER.o)
                0x000008ec                Accelero_I2CMasterReadBuf
 .text.Accelero_sda_Read
                0x000009e8       0x10 .\CortexM0\ARM_GCC_493\Debug\ADXL345_sleep_xbee.a(Accelero_sda.o)
                0x000009e8                Accelero_sda_Read
 .text.Accelero_scl_Write
                0x000009f8       0x18 .\CortexM0\ARM_GCC_493\Debug\ADXL345_sleep_xbee.a(Accelero_scl.o)
                0x000009f8                Accelero_scl_Write
 .text.Accelero_scl_Read
                0x00000a10       0x10 .\CortexM0\ARM_GCC_493\Debug\ADXL345_sleep_xbee.a(Accelero_scl.o)
                0x00000a10                Accelero_scl_Read
 .text.CySysClkWriteSysclkDiv
                0x00000a20       0x28 .\CortexM0\ARM_GCC_493\Debug\ADXL345_sleep_xbee.a(CyLib.o)
                0x00000a20                CySysClkWriteSysclkDiv
 .text.CyIntEnable
                0x00000a48       0x14 .\CortexM0\ARM_GCC_493\Debug\ADXL345_sleep_xbee.a(CyLib.o)
                0x00000a48                CyIntEnable
 .text.CyIntDisable
                0x00000a5c       0x14 .\CortexM0\ARM_GCC_493\Debug\ADXL345_sleep_xbee.a(CyLib.o)
                0x00000a5c                CyIntDisable
 .text.CyIntClearPending
                0x00000a70       0x14 .\CortexM0\ARM_GCC_493\Debug\ADXL345_sleep_xbee.a(CyLib.o)
                0x00000a70                CyIntClearPending
 .text.CyHalt   0x00000a84        0x4 .\CortexM0\ARM_GCC_493\Debug\ADXL345_sleep_xbee.a(CyLib.o)
                0x00000a84                CyHalt
 .text.CyIntSetVector
                0x00000a88       0x24 .\CortexM0\ARM_GCC_493\Debug\ADXL345_sleep_xbee.a(CyLib.o)
                0x00000a88                CyIntSetVector
 .text.CyIntSetPriority
                0x00000aac       0x4c .\CortexM0\ARM_GCC_493\Debug\ADXL345_sleep_xbee.a(CyLib.o)
                0x00000aac                CyIntSetPriority
 .text.CyDelay  0x00000af8       0x30 .\CortexM0\ARM_GCC_493\Debug\ADXL345_sleep_xbee.a(CyLib.o)
                0x00000af8                CyDelay
 .text.CyDelayUs
                0x00000b28       0x14 .\CortexM0\ARM_GCC_493\Debug\ADXL345_sleep_xbee.a(CyLib.o)
                0x00000b28                CyDelayUs
 .text.CySysClkWriteImoFreq
                0x00000b3c      0x164 .\CortexM0\ARM_GCC_493\Debug\ADXL345_sleep_xbee.a(CyLib.o)
                0x00000b3c                CySysClkWriteImoFreq
 .text.CySysPmDeepSleep
                0x00000ca0       0x6c .\CortexM0\ARM_GCC_493\Debug\ADXL345_sleep_xbee.a(cyPm.o)
                0x00000ca0                CySysPmDeepSleep
 .text.CySysWdtLocked
                0x00000d0c       0x14 .\CortexM0\ARM_GCC_493\Debug\ADXL345_sleep_xbee.a(CyLFClk.o)
 .text.CySysClkIloStart
                0x00000d20       0x14 .\CortexM0\ARM_GCC_493\Debug\ADXL345_sleep_xbee.a(CyLFClk.o)
                0x00000d20                CySysClkIloStart
 .text.CySysWdtLock
                0x00000d34       0x1c .\CortexM0\ARM_GCC_493\Debug\ADXL345_sleep_xbee.a(CyLFClk.o)
                0x00000d34                CySysWdtLock
 .text.CySysWdtUnlock
                0x00000d50       0x30 .\CortexM0\ARM_GCC_493\Debug\ADXL345_sleep_xbee.a(CyLFClk.o)
                0x00000d50                CySysWdtUnlock
 .text.CySysWdtGetEnabledStatus
                0x00000d80       0x24 .\CortexM0\ARM_GCC_493\Debug\ADXL345_sleep_xbee.a(CyLFClk.o)
                0x00000d80                CySysWdtGetEnabledStatus
 .text.CySysWdtSetMode
                0x00000da4       0x38 .\CortexM0\ARM_GCC_493\Debug\ADXL345_sleep_xbee.a(CyLFClk.o)
                0x00000da4                CySysWdtSetMode
 .text.CySysWdtSetClearOnMatch
                0x00000ddc       0x38 .\CortexM0\ARM_GCC_493\Debug\ADXL345_sleep_xbee.a(CyLFClk.o)
                0x00000ddc                CySysWdtSetClearOnMatch
 .text.CySysWdtEnable
                0x00000e14       0x40 .\CortexM0\ARM_GCC_493\Debug\ADXL345_sleep_xbee.a(CyLFClk.o)
                0x00000e14                CySysWdtEnable
 .text.CySysWdtSetCascade
                0x00000e54       0x34 .\CortexM0\ARM_GCC_493\Debug\ADXL345_sleep_xbee.a(CyLFClk.o)
                0x00000e54                CySysWdtSetCascade
 .text.CySysWdtSetMatch
                0x00000e88       0x3c .\CortexM0\ARM_GCC_493\Debug\ADXL345_sleep_xbee.a(CyLFClk.o)
                0x00000e88                CySysWdtSetMatch
 .text.CySysWdtClearInterrupt
                0x00000ec4       0x4c .\CortexM0\ARM_GCC_493\Debug\ADXL345_sleep_xbee.a(CyLFClk.o)
                0x00000ec4                CySysWdtClearInterrupt
 .text.Pin_gestion_sleep_xbee_Write
                0x00000f10       0x18 .\CortexM0\ARM_GCC_493\Debug\ADXL345_sleep_xbee.a(Pin_gestion_sleep_xbee.o)
                0x00000f10                Pin_gestion_sleep_xbee_Write
 .text.Pin_gestion_sleep_xbee_SetDriveMode
                0x00000f28       0x18 .\CortexM0\ARM_GCC_493\Debug\ADXL345_sleep_xbee.a(Pin_gestion_sleep_xbee.o)
                0x00000f28                Pin_gestion_sleep_xbee_SetDriveMode
 .text.zigbee_Init
                0x00000f40       0x20 .\CortexM0\ARM_GCC_493\Debug\ADXL345_sleep_xbee.a(zigbee.o)
                0x00000f40                zigbee_Init
 .text.zigbee_Enable
                0x00000f60       0x24 .\CortexM0\ARM_GCC_493\Debug\ADXL345_sleep_xbee.a(zigbee.o)
                0x00000f60                zigbee_Enable
 .text.zigbee_Start
                0x00000f84       0x20 .\CortexM0\ARM_GCC_493\Debug\ADXL345_sleep_xbee.a(zigbee.o)
                0x00000f84                zigbee_Start
 .text.zigbee_Stop
                0x00000fa4       0x24 .\CortexM0\ARM_GCC_493\Debug\ADXL345_sleep_xbee.a(zigbee.o)
                0x00000fa4                zigbee_Stop
 .text.zigbee_PutChar
                0x00000fc8       0x18 .\CortexM0\ARM_GCC_493\Debug\ADXL345_sleep_xbee.a(zigbee.o)
                0x00000fc8                zigbee_PutChar
 .text.zigbee_PutArray
                0x00000fe0       0x28 .\CortexM0\ARM_GCC_493\Debug\ADXL345_sleep_xbee.a(zigbee.o)
                0x00000fe0                zigbee_PutArray
 .text.zigbee_GetTxBufferSize
                0x00001008       0x20 .\CortexM0\ARM_GCC_493\Debug\ADXL345_sleep_xbee.a(zigbee.o)
                0x00001008                zigbee_GetTxBufferSize
 .text.zigbee_Sleep
                0x00001028       0x28 .\CortexM0\ARM_GCC_493\Debug\ADXL345_sleep_xbee.a(zigbee_PM.o)
                0x00001028                zigbee_Sleep
 .text.Pin_tx_SetDriveMode
                0x00001050       0x18 .\CortexM0\ARM_GCC_493\Debug\ADXL345_sleep_xbee.a(Pin_tx.o)
                0x00001050                Pin_tx_SetDriveMode
 .text.zigbee_IntClock_Start
                0x00001068       0x14 .\CortexM0\ARM_GCC_493\Debug\ADXL345_sleep_xbee.a(zigbee_IntClock.o)
                0x00001068                zigbee_IntClock_Start
 .text.zigbee_IntClock_Stop
                0x0000107c       0x10 .\CortexM0\ARM_GCC_493\Debug\ADXL345_sleep_xbee.a(zigbee_IntClock.o)
                0x0000107c                zigbee_IntClock_Stop
 .text.WdtIsr_SetVector
                0x0000108c        0xc .\CortexM0\ARM_GCC_493\Debug\ADXL345_sleep_xbee.a(WdtIsr.o)
                0x0000108c                WdtIsr_SetVector
 .text.WdtIsr_SetPriority
                0x00001098       0x24 .\CortexM0\ARM_GCC_493\Debug\ADXL345_sleep_xbee.a(WdtIsr.o)
                0x00001098                WdtIsr_SetPriority
 .text.WdtIsr_Enable
                0x000010bc       0x10 .\CortexM0\ARM_GCC_493\Debug\ADXL345_sleep_xbee.a(WdtIsr.o)
                0x000010bc                WdtIsr_Enable
 .text.WdtIsr_Disable
                0x000010cc       0x10 .\CortexM0\ARM_GCC_493\Debug\ADXL345_sleep_xbee.a(WdtIsr.o)
                0x000010cc                WdtIsr_Disable
 .text.WdtIsr_StartEx
                0x000010dc       0x1c .\CortexM0\ARM_GCC_493\Debug\ADXL345_sleep_xbee.a(WdtIsr.o)
                0x000010dc                WdtIsr_StartEx
 .text.Accelero_I2C_ISR
                0x000010f8      0x3a0 .\CortexM0\ARM_GCC_493\Debug\ADXL345_sleep_xbee.a(Accelero_I2C_INT.o)
                0x000010f8                Accelero_I2C_ISR
 .text          0x00001498       0x28 .\CortexM0\ARM_GCC_493\Debug\ADXL345_sleep_xbee.a(CyBootAsmGnu.o)
                0x00001498                CyDelayCycles
                0x000014ac                CyEnterCriticalSection
                0x000014b4                CyExitCriticalSection
 .text.sqrt     0x000014c0       0xb8 c:/program files (x86)/cypress/psoc creator/3.3/psoc creator/import/gnu/arm/4.9.3/bin/../lib/gcc/arm-none-eabi/4.9.3/../../../../arm-none-eabi/lib/armv6-m\libm.a(lib_a-w_sqrt.o)
                0x000014c0                sqrt
 .text.__ieee754_sqrt
                0x00001578      0x1ec c:/program files (x86)/cypress/psoc creator/3.3/psoc creator/import/gnu/arm/4.9.3/bin/../lib/gcc/arm-none-eabi/4.9.3/../../../../arm-none-eabi/lib/armv6-m\libm.a(lib_a-e_sqrt.o)
                0x00001578                __ieee754_sqrt
 .text.__fpclassifyd
                0x00001764       0x5c c:/program files (x86)/cypress/psoc creator/3.3/psoc creator/import/gnu/arm/4.9.3/bin/../lib/gcc/arm-none-eabi/4.9.3/../../../../arm-none-eabi/lib/armv6-m\libm.a(lib_a-s_fpclassify.o)
                0x00001764                __fpclassifyd
 .text.matherr  0x000017c0        0x4 c:/program files (x86)/cypress/psoc creator/3.3/psoc creator/import/gnu/arm/4.9.3/bin/../lib/gcc/arm-none-eabi/4.9.3/../../../../arm-none-eabi/lib/armv6-m\libm.a(lib_a-s_matherr.o)
                0x000017c0                matherr
 .text          0x000017c4      0x120 c:/program files (x86)/cypress/psoc creator/3.3/psoc creator/import/gnu/arm/4.9.3/bin/../lib/gcc/arm-none-eabi/4.9.3/armv6-m\libgcc.a(_udivsi3.o)
                0x000017c4                __aeabi_uidiv
                0x000017c4                __udivsi3
                0x000018d0                __aeabi_uidivmod
 .text          0x000018e4        0x4 c:/program files (x86)/cypress/psoc creator/3.3/psoc creator/import/gnu/arm/4.9.3/bin/../lib/gcc/arm-none-eabi/4.9.3/armv6-m\libgcc.a(_dvmd_tls.o)
                0x000018e4                __aeabi_idiv0
                0x000018e4                __aeabi_ldiv0
 .text          0x000018e8       0x7c c:/program files (x86)/cypress/psoc creator/3.3/psoc creator/import/gnu/arm/4.9.3/bin/../lib/gcc/arm-none-eabi/4.9.3/armv6-m\libgcc.a(_arm_cmpdf2.o)
                0x000018e8                __aeabi_cdrcmple
                0x000018f8                __aeabi_cdcmple
                0x000018f8                __aeabi_cdcmpeq
                0x00001908                __aeabi_dcmpeq
                0x00001914                __aeabi_dcmplt
                0x00001928                __aeabi_dcmple
                0x0000193c                __aeabi_dcmpgt
                0x00001950                __aeabi_dcmpge
 .text          0x00001964       0x3c c:/program files (x86)/cypress/psoc creator/3.3/psoc creator/import/gnu/arm/4.9.3/bin/../lib/gcc/arm-none-eabi/4.9.3/armv6-m\libgcc.a(_fixunsdfsi.o)
                0x00001964                __aeabi_d2uiz
                0x00001964                __fixunsdfsi
 .text          0x000019a0      0x650 c:/program files (x86)/cypress/psoc creator/3.3/psoc creator/import/gnu/arm/4.9.3/bin/../lib/gcc/arm-none-eabi/4.9.3/armv6-m\libgcc.a(adddf3.o)
                0x000019a0                __aeabi_dadd
 .text          0x00001ff0      0x648 c:/program files (x86)/cypress/psoc creator/3.3/psoc creator/import/gnu/arm/4.9.3/bin/../lib/gcc/arm-none-eabi/4.9.3/armv6-m\libgcc.a(divdf3.o)
                0x00001ff0                __aeabi_ddiv
 .text          0x00002638       0x88 c:/program files (x86)/cypress/psoc creator/3.3/psoc creator/import/gnu/arm/4.9.3/bin/../lib/gcc/arm-none-eabi/4.9.3/armv6-m\libgcc.a(eqdf2.o)
                0x00002638                __nedf2
                0x00002638                __eqdf2
 .text          0x000026c0       0xe0 c:/program files (x86)/cypress/psoc creator/3.3/psoc creator/import/gnu/arm/4.9.3/bin/../lib/gcc/arm-none-eabi/4.9.3/armv6-m\libgcc.a(gedf2.o)
                0x000026c0                __gedf2
                0x000026c0                __gtdf2
 .text          0x000027a0       0xcc c:/program files (x86)/cypress/psoc creator/3.3/psoc creator/import/gnu/arm/4.9.3/bin/../lib/gcc/arm-none-eabi/4.9.3/armv6-m\libgcc.a(ledf2.o)
                0x000027a0                __ledf2
                0x000027a0                __ltdf2
 .text          0x0000286c      0x534 c:/program files (x86)/cypress/psoc creator/3.3/psoc creator/import/gnu/arm/4.9.3/bin/../lib/gcc/arm-none-eabi/4.9.3/armv6-m\libgcc.a(muldf3.o)
                0x0000286c                __aeabi_dmul
 .text          0x00002da0      0x6f4 c:/program files (x86)/cypress/psoc creator/3.3/psoc creator/import/gnu/arm/4.9.3/bin/../lib/gcc/arm-none-eabi/4.9.3/armv6-m\libgcc.a(subdf3.o)
                0x00002da0                __aeabi_dsub
 .text          0x00003494       0x6c c:/program files (x86)/cypress/psoc creator/3.3/psoc creator/import/gnu/arm/4.9.3/bin/../lib/gcc/arm-none-eabi/4.9.3/armv6-m\libgcc.a(fixdfsi.o)
                0x00003494                __aeabi_d2iz
 .text          0x00003500       0x78 c:/program files (x86)/cypress/psoc creator/3.3/psoc creator/import/gnu/arm/4.9.3/bin/../lib/gcc/arm-none-eabi/4.9.3/armv6-m\libgcc.a(floatsidf.o)
                0x00003500                __aeabi_i2d
 .text          0x00003578       0x64 c:/program files (x86)/cypress/psoc creator/3.3/psoc creator/import/gnu/arm/4.9.3/bin/../lib/gcc/arm-none-eabi/4.9.3/armv6-m\libgcc.a(floatunsidf.o)
                0x00003578                __aeabi_ui2d
 .text          0x000035dc       0x3c c:/program files (x86)/cypress/psoc creator/3.3/psoc creator/import/gnu/arm/4.9.3/bin/../lib/gcc/arm-none-eabi/4.9.3/armv6-m\libgcc.a(_clzsi2.o)
                0x000035dc                __clzsi2
 .text.__errno  0x00003618        0xc c:/program files (x86)/cypress/psoc creator/3.3/psoc creator/import/gnu/arm/4.9.3/bin/../lib/gcc/arm-none-eabi/4.9.3/../../../../arm-none-eabi/lib/armv6-m\libg_nano.a(lib_a-errno.o)
                0x00003618                __errno
 .text.__libc_init_array
                0x00003624       0x4c c:/program files (x86)/cypress/psoc creator/3.3/psoc creator/import/gnu/arm/4.9.3/bin/../lib/gcc/arm-none-eabi/4.9.3/../../../../arm-none-eabi/lib/armv6-m\libg_nano.a(lib_a-init.o)
                0x00003624                __libc_init_array
 .text.memset   0x00003670       0x10 c:/program files (x86)/cypress/psoc creator/3.3/psoc creator/import/gnu/arm/4.9.3/bin/../lib/gcc/arm-none-eabi/4.9.3/../../../../arm-none-eabi/lib/armv6-m\libg_nano.a(lib_a-memset.o)
                0x00003670                memset
 *(.plt)
 *(.gnu.warning)
 *(.glue_7t)
 .glue_7t       0x00000000        0x0 linker stubs
 *(.glue_7)
 .glue_7        0x00000000        0x0 linker stubs
 *(.vfp11_veneer)
 .vfp11_veneer  0x00000000        0x0 linker stubs
 *(.bootloader)
 *(.ARM.extab* .gnu.linkonce.armextab.*)
 *(.gcc_except_table)

.v4_bx          0x00003680        0x0
 .v4_bx         0x00000000        0x0 linker stubs

.iplt           0x00003680        0x0
 .iplt          0x00000000        0x0 c:/program files (x86)/cypress/psoc creator/3.3/psoc creator/import/gnu/arm/4.9.3/bin/../lib/gcc/arm-none-eabi/4.9.3/armv6-m/crtbegin.o

.eh_frame_hdr
 *(.eh_frame_hdr)

.eh_frame       0x00003680        0x4
 *(.eh_frame)
 .eh_frame      0x00003680        0x0 c:/program files (x86)/cypress/psoc creator/3.3/psoc creator/import/gnu/arm/4.9.3/bin/../lib/gcc/arm-none-eabi/4.9.3/armv6-m/crtbegin.o
 .eh_frame      0x00003680        0x4 c:/program files (x86)/cypress/psoc creator/3.3/psoc creator/import/gnu/arm/4.9.3/bin/../lib/gcc/arm-none-eabi/4.9.3/armv6-m/crtend.o
                0x00003684                PROVIDE (__exidx_start, .)

.ARM.exidx
 *(.ARM.exidx* .gnu.linkonce.armexidx.*)
                0x00003684                __exidx_end = .

.rodata         0x00003684      0x244
 *(.rodata .rodata.* .gnu.linkonce.r.*)
 .rodata        0x00003684      0x154 .\CortexM0\ARM_GCC_493\Debug\ADXL345_sleep_xbee.a(cyfitter_cfg.o)
 .rodata        0x000037d8       0x30 .\CortexM0\ARM_GCC_493\Debug\ADXL345_sleep_xbee.a(CyLib.o)
                0x000037d8                cyImoFreqMhz2Reg
 .rodata.str1.4
                0x00003808        0x8 c:/program files (x86)/cypress/psoc creator/3.3/psoc creator/import/gnu/arm/4.9.3/bin/../lib/gcc/arm-none-eabi/4.9.3/../../../../arm-none-eabi/lib/armv6-m\libm.a(lib_a-w_sqrt.o)
 .rodata        0x00003810       0x40 c:/program files (x86)/cypress/psoc creator/3.3/psoc creator/import/gnu/arm/4.9.3/bin/../lib/gcc/arm-none-eabi/4.9.3/armv6-m\libgcc.a(divdf3.o)
 .rodata        0x00003850       0x40 c:/program files (x86)/cypress/psoc creator/3.3/psoc creator/import/gnu/arm/4.9.3/bin/../lib/gcc/arm-none-eabi/4.9.3/armv6-m\libgcc.a(muldf3.o)
 .rodata.str1.1
                0x00003890        0x2 c:/program files (x86)/cypress/psoc creator/3.3/psoc creator/import/gnu/arm/4.9.3/bin/../lib/gcc/arm-none-eabi/4.9.3/../../../../arm-none-eabi/lib/armv6-m\libg_nano.a(lib_a-impure.o)
                0x00003894                . = ALIGN (0x4)
 *fill*         0x00003892        0x2 
 *(.init)
 .init          0x00003894        0x4 c:/program files (x86)/cypress/psoc creator/3.3/psoc creator/import/gnu/arm/4.9.3/bin/../lib/gcc/arm-none-eabi/4.9.3/armv6-m/crti.o
                0x00003894                _init
 .init          0x00003898        0x8 c:/program files (x86)/cypress/psoc creator/3.3/psoc creator/import/gnu/arm/4.9.3/bin/../lib/gcc/arm-none-eabi/4.9.3/armv6-m/crtn.o
                0x000038a0                . = ALIGN (0x4)
                0x000038a0                __preinit_array_start = .
 *(.preinit_array)
                0x000038a0                __preinit_array_end = .
                0x000038a0                . = ALIGN (0x4)
                0x000038a0                __init_array_start = .
 *(SORT(.init_array.*))
 *(.init_array)
 .init_array    0x000038a0        0x4 c:/program files (x86)/cypress/psoc creator/3.3/psoc creator/import/gnu/arm/4.9.3/bin/../lib/gcc/arm-none-eabi/4.9.3/armv6-m/crtbegin.o
 .init_array    0x000038a4        0x4 .\CortexM0\ARM_GCC_493\Debug\Cm0Start.o
                0x000038a8                __init_array_end = .
                0x000038a8                . = ALIGN (0x4)
 *(.fini)
 .fini          0x000038a8        0x4 c:/program files (x86)/cypress/psoc creator/3.3/psoc creator/import/gnu/arm/4.9.3/bin/../lib/gcc/arm-none-eabi/4.9.3/armv6-m/crti.o
                0x000038a8                _fini
 .fini          0x000038ac        0x8 c:/program files (x86)/cypress/psoc creator/3.3/psoc creator/import/gnu/arm/4.9.3/bin/../lib/gcc/arm-none-eabi/4.9.3/armv6-m/crtn.o
                0x000038b4                . = ALIGN (0x4)
                0x000038b4                __fini_array_start = .
 *(.fini_array)
 .fini_array    0x000038b4        0x4 c:/program files (x86)/cypress/psoc creator/3.3/psoc creator/import/gnu/arm/4.9.3/bin/../lib/gcc/arm-none-eabi/4.9.3/armv6-m/crtbegin.o
 *(SORT(.fini_array.*))
                0x000038b8                __fini_array_end = .
                0x000038b8                . = ALIGN (0x4)
 *crtbegin.o(.ctors)
 *(EXCLUDE_FILE(*crtend.o) .ctors)
 *(SORT(.ctors.*))
 *crtend.o(.ctors)
                0x000038b8                . = ALIGN (0x4)
 *crtbegin.o(.dtors)
 *(EXCLUDE_FILE(*crtend.o) .dtors)
 *(SORT(.dtors.*))
 *crtend.o(.dtors)
                0x000038b8                . = ALIGN (0x4)
                0x000038b8                __cy_regions = .
                0x000038b8        0x4 LONG 0x38c8 __cy_region_init_ram
                0x000038bc        0x4 LONG 0x200000c8 __cy_region_start_data
                0x000038c0        0x4 LONG 0x80 __cy_region_init_size_ram
                0x000038c4        0x4 LONG 0x58 __cy_region_zero_size_ram
                0x000038c8                __cy_regions_end = .
                0x000038c8                . = ALIGN (0x8)
                0x000038c8                _etext = .

.cy_checksum_exclude
                0x000038c8        0x0
 *(.cy_checksum_exclude)

.ramvectors     0x20000000       0xc0
                0x20000000                __cy_region_start_ram = .
 *(.ramvectors)
 .ramvectors    0x20000000       0xc0 .\CortexM0\ARM_GCC_493\Debug\Cm0Start.o
                0x20000000                CyRamVectors

.noinit         0x200000c0        0x4
 *(.noinit)
 .noinit        0x200000c0        0x4 .\CortexM0\ARM_GCC_493\Debug\Cm0Start.o

.data           0x200000c8       0x80 load address 0x000038c8
                0x200000c8                __cy_region_start_data = .
 *(.jcr)
 .jcr           0x200000c8        0x0 c:/program files (x86)/cypress/psoc creator/3.3/psoc creator/import/gnu/arm/4.9.3/bin/../lib/gcc/arm-none-eabi/4.9.3/armv6-m/crtbegin.o
 .jcr           0x200000c8        0x4 c:/program files (x86)/cypress/psoc creator/3.3/psoc creator/import/gnu/arm/4.9.3/bin/../lib/gcc/arm-none-eabi/4.9.3/armv6-m/crtend.o
 *(.got.plt)
 *(.got)
 *(.shdata)
 *(.data .data.* .gnu.linkonce.d.*)
 .data          0x200000cc       0x10 .\CortexM0\ARM_GCC_493\Debug\ADXL345_sleep_xbee.a(CyLib.o)
                0x200000cc                cydelay32kMs
                0x200000d0                cydelayFreqKhz
                0x200000d4                cydelayFreqMhz
                0x200000d8                cydelayFreqHz
 .data.__fdlib_version
                0x200000dc        0x1 c:/program files (x86)/cypress/psoc creator/3.3/psoc creator/import/gnu/arm/4.9.3/bin/../lib/gcc/arm-none-eabi/4.9.3/../../../../arm-none-eabi/lib/armv6-m\libm.a(lib_a-s_lib_ver.o)
                0x200000dc                __fdlib_version
 *fill*         0x200000dd        0x3 
 .data.impure_data
                0x200000e0       0x60 c:/program files (x86)/cypress/psoc creator/3.3/psoc creator/import/gnu/arm/4.9.3/bin/../lib/gcc/arm-none-eabi/4.9.3/../../../../arm-none-eabi/lib/armv6-m\libg_nano.a(lib_a-impure.o)
 .data._impure_ptr
                0x20000140        0x4 c:/program files (x86)/cypress/psoc creator/3.3/psoc creator/import/gnu/arm/4.9.3/bin/../lib/gcc/arm-none-eabi/4.9.3/../../../../arm-none-eabi/lib/armv6-m\libg_nano.a(lib_a-impure.o)
                0x20000140                _impure_ptr
                0x20000148                . = ALIGN (0x8)
 *fill*         0x20000144        0x4 
 *(.ram)
                0x20000148                _edata = .

.igot.plt       0x20000148        0x0 load address 0x00003948
 .igot.plt      0x00000000        0x0 c:/program files (x86)/cypress/psoc creator/3.3/psoc creator/import/gnu/arm/4.9.3/bin/../lib/gcc/arm-none-eabi/4.9.3/armv6-m/crtbegin.o

.bss            0x20000148       0x58 load address 0x00003948
                0x20000148                PROVIDE (__bss_start__, .)
 *(.shbss)
 *(.bss .bss.* .gnu.linkonce.b.*)
 .bss           0x20000148       0x1c c:/program files (x86)/cypress/psoc creator/3.3/psoc creator/import/gnu/arm/4.9.3/bin/../lib/gcc/arm-none-eabi/4.9.3/armv6-m/crtbegin.o
 .bss           0x20000164        0x8 .\CortexM0\ARM_GCC_493\Debug\ADXL345_sleep_xbee.a(Accelero.o)
                0x20000164                Accelero_initVar
                0x20000168                Accelero_customIntrHandler
 .bss           0x2000016c        0x2 .\CortexM0\ARM_GCC_493\Debug\ADXL345_sleep_xbee.a(zigbee.o)
                0x2000016c                zigbee_initVar
 *fill*         0x2000016e        0x2 
 .bss           0x20000170        0x4 .\CortexM0\ARM_GCC_493\Debug\ADXL345_sleep_xbee.a(zigbee_PM.o)
 *(COMMON)
 COMMON         0x20000174        0x1 .\CortexM0\ARM_GCC_493\Debug\ADXL345_sleep_xbee.a(Accelero_I2C.o)
                0x20000174                Accelero_state
 *fill*         0x20000175        0x3 
 COMMON         0x20000178       0x24 .\CortexM0\ARM_GCC_493\Debug\ADXL345_sleep_xbee.a(Accelero_I2C_MASTER.o)
                0x20000178                Accelero_mstrWrBufIndexTmp
                0x2000017c                Accelero_mstrRdBufPtr
                0x20000180                Accelero_mstrWrBufPtr
                0x20000184                Accelero_mstrStatus
                0x20000188                Accelero_mstrRdBufSize
                0x2000018c                Accelero_mstrWrBufIndex
                0x20000190                Accelero_mstrControl
                0x20000194                Accelero_mstrRdBufIndex
                0x20000198                Accelero_mstrWrBufSize
                0x200001a0                . = ALIGN (0x8)
 *fill*         0x2000019c        0x4 
 *(.ram.b)
                0x200001a0                _end = .
                0x200001a0                __end = .
                0x200001a0                PROVIDE (end, .)
                0x200001a0                PROVIDE (__bss_end__, .)
                0x000038c8                __cy_region_init_ram = LOADADDR (.data)
                0x00000080                __cy_region_init_size_ram = (_edata - ADDR (.data))
                0x00000058                __cy_region_zero_size_ram = (_end - _edata)

.heap           0x200001a0      0x200 load address 0x00003948
                0x200001a0                . = _end
                0x200003a0                . = (. + 0x200)
 *fill*         0x200001a0      0x200 
                0x200003a0                __cy_heap_limit = .

.stack          0x20000800      0x800
                0x20000800                __cy_stack_limit = .
                0x20001000                . = (. + 0x800)
 *fill*         0x20000800      0x800 
                0x00000001                ASSERT ((__cy_stack_limit >= __cy_heap_limit), region RAM overflowed with stack)
                0x00000000                cy_checksum_exclude_size = (CY_APPL_LOADABLE == 0x1)?SIZEOF (.cy_checksum_exclude):0x0
                0x00000001                ASSERT ((cy_checksum_exclude_size <= CY_CHECKSUM_EXCLUDE_SIZE), CY_BOOT: Section .cy_checksum_exclude size exceedes specified limit.)
                0x00007fc0                cyloadermeta_start = (cy_project_type_bootloader || cy_project_type_app_for_stack_and_copier)?(0x8000 - CY_METADATA_SIZE):0xf0000000

.cyloadermeta
 *(.cyloadermeta)
                0x00007fc0                cyloadablemeta_start = cy_project_type_app_for_stack_and_copier?((0x8000 - CY_FLASH_ROW_SIZE) - CY_METADATA_SIZE):((0x8000 - (CY_FLASH_ROW_SIZE * (CY_APPL_NUM - 0x1))) - CY_METADATA_SIZE)

.cyloadablemeta
 *(.cyloadablemeta)

.cyflashprotect
                0x90400000       0x20
 *(.cyflashprotect)
 .cyflashprotect
                0x90400000       0x20 .\CortexM0\ARM_GCC_493\Debug\cymetadata.o
                0x90400000                cy_meta_flashprotect

.cymeta         0x90500000        0xc
 *(.cymeta)
 .cymeta        0x90500000        0xc .\CortexM0\ARM_GCC_493\Debug\cymetadata.o
                0x90500000                cy_metadata

.cychipprotect  0x90600000        0x4
 *(.cychipprotect)
 .cychipprotect
                0x90600000        0x4 .\CortexM0\ARM_GCC_493\Debug\cymetadata.o
                0x90600000                cy_meta_chipprotect

.rel.dyn        0x00003948        0x0 load address 0x90600004
 .rel.iplt      0x00000000        0x0 c:/program files (x86)/cypress/psoc creator/3.3/psoc creator/import/gnu/arm/4.9.3/bin/../lib/gcc/arm-none-eabi/4.9.3/armv6-m/crtbegin.o

.stab
 *(.stab)

.stabstr
 *(.stabstr)

.debug
 *(.debug)

.line
 *(.line)

.debug_srcinfo
 *(.debug_srcinfo)

.debug_sfnames
 *(.debug_sfnames)

.debug_aranges  0x00000000      0x7e8
 *(.debug_aranges)
 .debug_aranges
                0x00000000       0x28 .\CortexM0\ARM_GCC_493\Debug\main.o
 .debug_aranges
                0x00000028       0x50 .\CortexM0\ARM_GCC_493\Debug\fonction.o
 .debug_aranges
                0x00000078       0x18 .\CortexM0\ARM_GCC_493\Debug\cymetadata.o
 .debug_aranges
                0x00000090       0x48 .\CortexM0\ARM_GCC_493\Debug\Cm0Start.o
 .debug_aranges
                0x000000d8       0x38 .\CortexM0\ARM_GCC_493\Debug\ADXL345_sleep_xbee.a(cyfitter_cfg.o)
 .debug_aranges
                0x00000110       0x68 .\CortexM0\ARM_GCC_493\Debug\ADXL345_sleep_xbee.a(Accelero.o)
 .debug_aranges
                0x00000178       0x28 .\CortexM0\ARM_GCC_493\Debug\ADXL345_sleep_xbee.a(Accelero_I2C.o)
 .debug_aranges
                0x000001a0       0x88 .\CortexM0\ARM_GCC_493\Debug\ADXL345_sleep_xbee.a(Accelero_I2C_MASTER.o)
 .debug_aranges
                0x00000228       0x40 .\CortexM0\ARM_GCC_493\Debug\ADXL345_sleep_xbee.a(Accelero_sda.o)
 .debug_aranges
                0x00000268       0x40 .\CortexM0\ARM_GCC_493\Debug\ADXL345_sleep_xbee.a(Accelero_scl.o)
 .debug_aranges
                0x000002a8      0x170 .\CortexM0\ARM_GCC_493\Debug\ADXL345_sleep_xbee.a(CyLib.o)
 .debug_aranges
                0x00000418       0x58 .\CortexM0\ARM_GCC_493\Debug\ADXL345_sleep_xbee.a(cyPm.o)
 .debug_aranges
                0x00000470      0x120 .\CortexM0\ARM_GCC_493\Debug\ADXL345_sleep_xbee.a(CyLFClk.o)
 .debug_aranges
                0x00000590       0x40 .\CortexM0\ARM_GCC_493\Debug\ADXL345_sleep_xbee.a(Pin_gestion_sleep_xbee.o)
 .debug_aranges
                0x000005d0       0xa0 .\CortexM0\ARM_GCC_493\Debug\ADXL345_sleep_xbee.a(zigbee.o)
 .debug_aranges
                0x00000670       0x38 .\CortexM0\ARM_GCC_493\Debug\ADXL345_sleep_xbee.a(zigbee_PM.o)
 .debug_aranges
                0x000006a8       0x40 .\CortexM0\ARM_GCC_493\Debug\ADXL345_sleep_xbee.a(Pin_tx.o)
 .debug_aranges
                0x000006e8       0x40 .\CortexM0\ARM_GCC_493\Debug\ADXL345_sleep_xbee.a(zigbee_IntClock.o)
 .debug_aranges
                0x00000728       0x80 .\CortexM0\ARM_GCC_493\Debug\ADXL345_sleep_xbee.a(WdtIsr.o)
 .debug_aranges
                0x000007a8       0x20 .\CortexM0\ARM_GCC_493\Debug\ADXL345_sleep_xbee.a(Accelero_I2C_INT.o)
 .debug_aranges
                0x000007c8       0x20 .\CortexM0\ARM_GCC_493\Debug\ADXL345_sleep_xbee.a(CyBootAsmGnu.o)

.debug_pubnames
 *(.debug_pubnames)

.debug_info     0x00000000     0x48ae
 *(.debug_info .gnu.linkonce.wi.*)
 .debug_info    0x00000000      0x2da .\CortexM0\ARM_GCC_493\Debug\main.o
 .debug_info    0x000002da      0x87c .\CortexM0\ARM_GCC_493\Debug\fonction.o
 .debug_info    0x00000b56       0xfd .\CortexM0\ARM_GCC_493\Debug\cymetadata.o
 .debug_info    0x00000c53      0x38a .\CortexM0\ARM_GCC_493\Debug\Cm0Start.o
 .debug_info    0x00000fdd      0x356 .\CortexM0\ARM_GCC_493\Debug\ADXL345_sleep_xbee.a(cyfitter_cfg.o)
 .debug_info    0x00001333      0x2a7 .\CortexM0\ARM_GCC_493\Debug\ADXL345_sleep_xbee.a(Accelero.o)
 .debug_info    0x000015da      0x1a8 .\CortexM0\ARM_GCC_493\Debug\ADXL345_sleep_xbee.a(Accelero_I2C.o)
 .debug_info    0x00001782      0x682 .\CortexM0\ARM_GCC_493\Debug\ADXL345_sleep_xbee.a(Accelero_I2C_MASTER.o)
 .debug_info    0x00001e04      0x150 .\CortexM0\ARM_GCC_493\Debug\ADXL345_sleep_xbee.a(Accelero_sda.o)
 .debug_info    0x00001f54      0x14e .\CortexM0\ARM_GCC_493\Debug\ADXL345_sleep_xbee.a(Accelero_scl.o)
 .debug_info    0x000020a2      0xa61 .\CortexM0\ARM_GCC_493\Debug\ADXL345_sleep_xbee.a(CyLib.o)
 .debug_info    0x00002b03      0x2d0 .\CortexM0\ARM_GCC_493\Debug\ADXL345_sleep_xbee.a(cyPm.o)
 .debug_info    0x00002dd3      0xc20 .\CortexM0\ARM_GCC_493\Debug\ADXL345_sleep_xbee.a(CyLFClk.o)
 .debug_info    0x000039f3      0x150 .\CortexM0\ARM_GCC_493\Debug\ADXL345_sleep_xbee.a(Pin_gestion_sleep_xbee.o)
 .debug_info    0x00003b43      0x450 .\CortexM0\ARM_GCC_493\Debug\ADXL345_sleep_xbee.a(zigbee.o)
 .debug_info    0x00003f93      0x157 .\CortexM0\ARM_GCC_493\Debug\ADXL345_sleep_xbee.a(zigbee_PM.o)
 .debug_info    0x000040ea      0x150 .\CortexM0\ARM_GCC_493\Debug\ADXL345_sleep_xbee.a(Pin_tx.o)
 .debug_info    0x0000423a      0x14b .\CortexM0\ARM_GCC_493\Debug\ADXL345_sleep_xbee.a(zigbee_IntClock.o)
 .debug_info    0x00004385      0x2fe .\CortexM0\ARM_GCC_493\Debug\ADXL345_sleep_xbee.a(WdtIsr.o)
 .debug_info    0x00004683      0x18a .\CortexM0\ARM_GCC_493\Debug\ADXL345_sleep_xbee.a(Accelero_I2C_INT.o)
 .debug_info    0x0000480d       0xa1 .\CortexM0\ARM_GCC_493\Debug\ADXL345_sleep_xbee.a(CyBootAsmGnu.o)

.debug_abbrev   0x00000000     0x18bc
 *(.debug_abbrev)
 .debug_abbrev  0x00000000      0x101 .\CortexM0\ARM_GCC_493\Debug\main.o
 .debug_abbrev  0x00000101      0x1d1 .\CortexM0\ARM_GCC_493\Debug\fonction.o
 .debug_abbrev  0x000002d2       0x5d .\CortexM0\ARM_GCC_493\Debug\cymetadata.o
 .debug_abbrev  0x0000032f      0x1fe .\CortexM0\ARM_GCC_493\Debug\Cm0Start.o
 .debug_abbrev  0x0000052d      0x199 .\CortexM0\ARM_GCC_493\Debug\ADXL345_sleep_xbee.a(cyfitter_cfg.o)
 .debug_abbrev  0x000006c6      0x168 .\CortexM0\ARM_GCC_493\Debug\ADXL345_sleep_xbee.a(Accelero.o)
 .debug_abbrev  0x0000082e      0x100 .\CortexM0\ARM_GCC_493\Debug\ADXL345_sleep_xbee.a(Accelero_I2C.o)
 .debug_abbrev  0x0000092e      0x189 .\CortexM0\ARM_GCC_493\Debug\ADXL345_sleep_xbee.a(Accelero_I2C_MASTER.o)
 .debug_abbrev  0x00000ab7       0xb7 .\CortexM0\ARM_GCC_493\Debug\ADXL345_sleep_xbee.a(Accelero_sda.o)
 .debug_abbrev  0x00000b6e       0xc6 .\CortexM0\ARM_GCC_493\Debug\ADXL345_sleep_xbee.a(Accelero_scl.o)
 .debug_abbrev  0x00000c34      0x20d .\CortexM0\ARM_GCC_493\Debug\ADXL345_sleep_xbee.a(CyLib.o)
 .debug_abbrev  0x00000e41      0x144 .\CortexM0\ARM_GCC_493\Debug\ADXL345_sleep_xbee.a(cyPm.o)
 .debug_abbrev  0x00000f85      0x226 .\CortexM0\ARM_GCC_493\Debug\ADXL345_sleep_xbee.a(CyLFClk.o)
 .debug_abbrev  0x000011ab       0xb7 .\CortexM0\ARM_GCC_493\Debug\ADXL345_sleep_xbee.a(Pin_gestion_sleep_xbee.o)
 .debug_abbrev  0x00001262      0x1af .\CortexM0\ARM_GCC_493\Debug\ADXL345_sleep_xbee.a(zigbee.o)
 .debug_abbrev  0x00001411       0xc6 .\CortexM0\ARM_GCC_493\Debug\ADXL345_sleep_xbee.a(zigbee_PM.o)
 .debug_abbrev  0x000014d7       0xb7 .\CortexM0\ARM_GCC_493\Debug\ADXL345_sleep_xbee.a(Pin_tx.o)
 .debug_abbrev  0x0000158e       0xc4 .\CortexM0\ARM_GCC_493\Debug\ADXL345_sleep_xbee.a(zigbee_IntClock.o)
 .debug_abbrev  0x00001652      0x1c1 .\CortexM0\ARM_GCC_493\Debug\ADXL345_sleep_xbee.a(WdtIsr.o)
 .debug_abbrev  0x00001813       0x95 .\CortexM0\ARM_GCC_493\Debug\ADXL345_sleep_xbee.a(Accelero_I2C_INT.o)
 .debug_abbrev  0x000018a8       0x14 .\CortexM0\ARM_GCC_493\Debug\ADXL345_sleep_xbee.a(CyBootAsmGnu.o)

.debug_line     0x00000000     0x1f47
 *(.debug_line)
 .debug_line    0x00000000       0xde .\CortexM0\ARM_GCC_493\Debug\main.o
 .debug_line    0x000000de      0x250 .\CortexM0\ARM_GCC_493\Debug\fonction.o
 .debug_line    0x0000032e       0x53 .\CortexM0\ARM_GCC_493\Debug\cymetadata.o
 .debug_line    0x00000381      0x248 .\CortexM0\ARM_GCC_493\Debug\Cm0Start.o
 .debug_line    0x000005c9      0x164 .\CortexM0\ARM_GCC_493\Debug\ADXL345_sleep_xbee.a(cyfitter_cfg.o)
 .debug_line    0x0000072d      0x166 .\CortexM0\ARM_GCC_493\Debug\ADXL345_sleep_xbee.a(Accelero.o)
 .debug_line    0x00000893       0xc7 .\CortexM0\ARM_GCC_493\Debug\ADXL345_sleep_xbee.a(Accelero_I2C.o)
 .debug_line    0x0000095a      0x2e5 .\CortexM0\ARM_GCC_493\Debug\ADXL345_sleep_xbee.a(Accelero_I2C_MASTER.o)
 .debug_line    0x00000c3f       0xb2 .\CortexM0\ARM_GCC_493\Debug\ADXL345_sleep_xbee.a(Accelero_sda.o)
 .debug_line    0x00000cf1       0xb1 .\CortexM0\ARM_GCC_493\Debug\ADXL345_sleep_xbee.a(Accelero_scl.o)
 .debug_line    0x00000da2      0x42c .\CortexM0\ARM_GCC_493\Debug\ADXL345_sleep_xbee.a(CyLib.o)
 .debug_line    0x000011ce      0x12d .\CortexM0\ARM_GCC_493\Debug\ADXL345_sleep_xbee.a(cyPm.o)
 .debug_line    0x000012fb      0x3fe .\CortexM0\ARM_GCC_493\Debug\ADXL345_sleep_xbee.a(CyLFClk.o)
 .debug_line    0x000016f9       0xbc .\CortexM0\ARM_GCC_493\Debug\ADXL345_sleep_xbee.a(Pin_gestion_sleep_xbee.o)
 .debug_line    0x000017b5      0x20b .\CortexM0\ARM_GCC_493\Debug\ADXL345_sleep_xbee.a(zigbee.o)
 .debug_line    0x000019c0       0xaa .\CortexM0\ARM_GCC_493\Debug\ADXL345_sleep_xbee.a(zigbee_PM.o)
 .debug_line    0x00001a6a       0xac .\CortexM0\ARM_GCC_493\Debug\ADXL345_sleep_xbee.a(Pin_tx.o)
 .debug_line    0x00001b16       0xce .\CortexM0\ARM_GCC_493\Debug\ADXL345_sleep_xbee.a(zigbee_IntClock.o)
 .debug_line    0x00001be4      0x16b .\CortexM0\ARM_GCC_493\Debug\ADXL345_sleep_xbee.a(WdtIsr.o)
 .debug_line    0x00001d4f      0x18f .\CortexM0\ARM_GCC_493\Debug\ADXL345_sleep_xbee.a(Accelero_I2C_INT.o)
 .debug_line    0x00001ede       0x69 .\CortexM0\ARM_GCC_493\Debug\ADXL345_sleep_xbee.a(CyBootAsmGnu.o)

.debug_frame    0x00000000     0x15e8
 *(.debug_frame)
 .debug_frame   0x00000000       0x50 .\CortexM0\ARM_GCC_493\Debug\main.o
 .debug_frame   0x00000050       0xf4 .\CortexM0\ARM_GCC_493\Debug\fonction.o
 .debug_frame   0x00000144       0xb0 .\CortexM0\ARM_GCC_493\Debug\Cm0Start.o
 .debug_frame   0x000001f4       0x88 .\CortexM0\ARM_GCC_493\Debug\ADXL345_sleep_xbee.a(cyfitter_cfg.o)
 .debug_frame   0x0000027c       0xf8 .\CortexM0\ARM_GCC_493\Debug\ADXL345_sleep_xbee.a(Accelero.o)
 .debug_frame   0x00000374       0x3c .\CortexM0\ARM_GCC_493\Debug\ADXL345_sleep_xbee.a(Accelero_I2C.o)
 .debug_frame   0x000003b0      0x178 .\CortexM0\ARM_GCC_493\Debug\ADXL345_sleep_xbee.a(Accelero_I2C_MASTER.o)
 .debug_frame   0x00000528       0x60 .\CortexM0\ARM_GCC_493\Debug\ADXL345_sleep_xbee.a(Accelero_sda.o)
 .debug_frame   0x00000588       0x60 .\CortexM0\ARM_GCC_493\Debug\ADXL345_sleep_xbee.a(Accelero_scl.o)
 .debug_frame   0x000005e8      0x3b4 .\CortexM0\ARM_GCC_493\Debug\ADXL345_sleep_xbee.a(CyLib.o)
 .debug_frame   0x0000099c       0xf0 .\CortexM0\ARM_GCC_493\Debug\ADXL345_sleep_xbee.a(cyPm.o)
 .debug_frame   0x00000a8c      0x368 .\CortexM0\ARM_GCC_493\Debug\ADXL345_sleep_xbee.a(CyLFClk.o)
 .debug_frame   0x00000df4       0x60 .\CortexM0\ARM_GCC_493\Debug\ADXL345_sleep_xbee.a(Pin_gestion_sleep_xbee.o)
 .debug_frame   0x00000e54      0x17c .\CortexM0\ARM_GCC_493\Debug\ADXL345_sleep_xbee.a(zigbee.o)
 .debug_frame   0x00000fd0       0x68 .\CortexM0\ARM_GCC_493\Debug\ADXL345_sleep_xbee.a(zigbee_PM.o)
 .debug_frame   0x00001038       0x60 .\CortexM0\ARM_GCC_493\Debug\ADXL345_sleep_xbee.a(Pin_tx.o)
 .debug_frame   0x00001098       0x60 .\CortexM0\ARM_GCC_493\Debug\ADXL345_sleep_xbee.a(zigbee_IntClock.o)
 .debug_frame   0x000010f8      0x110 .\CortexM0\ARM_GCC_493\Debug\ADXL345_sleep_xbee.a(WdtIsr.o)
 .debug_frame   0x00001208       0x2c .\CortexM0\ARM_GCC_493\Debug\ADXL345_sleep_xbee.a(Accelero_I2C_INT.o)
 .debug_frame   0x00001234       0x38 c:/program files (x86)/cypress/psoc creator/3.3/psoc creator/import/gnu/arm/4.9.3/bin/../lib/gcc/arm-none-eabi/4.9.3/../../../../arm-none-eabi/lib/armv6-m\libm.a(lib_a-w_sqrt.o)
 .debug_frame   0x0000126c       0x3c c:/program files (x86)/cypress/psoc creator/3.3/psoc creator/import/gnu/arm/4.9.3/bin/../lib/gcc/arm-none-eabi/4.9.3/../../../../arm-none-eabi/lib/armv6-m\libm.a(lib_a-e_sqrt.o)
 .debug_frame   0x000012a8       0x2c c:/program files (x86)/cypress/psoc creator/3.3/psoc creator/import/gnu/arm/4.9.3/bin/../lib/gcc/arm-none-eabi/4.9.3/../../../../arm-none-eabi/lib/armv6-m\libm.a(lib_a-s_fpclassify.o)
 .debug_frame   0x000012d4       0x20 c:/program files (x86)/cypress/psoc creator/3.3/psoc creator/import/gnu/arm/4.9.3/bin/../lib/gcc/arm-none-eabi/4.9.3/../../../../arm-none-eabi/lib/armv6-m\libm.a(lib_a-s_matherr.o)
 .debug_frame   0x000012f4       0x20 c:/program files (x86)/cypress/psoc creator/3.3/psoc creator/import/gnu/arm/4.9.3/bin/../lib/gcc/arm-none-eabi/4.9.3/armv6-m\libgcc.a(_udivsi3.o)
 .debug_frame   0x00001314       0x2c c:/program files (x86)/cypress/psoc creator/3.3/psoc creator/import/gnu/arm/4.9.3/bin/../lib/gcc/arm-none-eabi/4.9.3/armv6-m\libgcc.a(_fixunsdfsi.o)
 .debug_frame   0x00001340       0x38 c:/program files (x86)/cypress/psoc creator/3.3/psoc creator/import/gnu/arm/4.9.3/bin/../lib/gcc/arm-none-eabi/4.9.3/armv6-m\libgcc.a(adddf3.o)
 .debug_frame   0x00001378       0x3c c:/program files (x86)/cypress/psoc creator/3.3/psoc creator/import/gnu/arm/4.9.3/bin/../lib/gcc/arm-none-eabi/4.9.3/armv6-m\libgcc.a(divdf3.o)
 .debug_frame   0x000013b4       0x38 c:/program files (x86)/cypress/psoc creator/3.3/psoc creator/import/gnu/arm/4.9.3/bin/../lib/gcc/arm-none-eabi/4.9.3/armv6-m\libgcc.a(eqdf2.o)
 .debug_frame   0x000013ec       0x38 c:/program files (x86)/cypress/psoc creator/3.3/psoc creator/import/gnu/arm/4.9.3/bin/../lib/gcc/arm-none-eabi/4.9.3/armv6-m\libgcc.a(gedf2.o)
 .debug_frame   0x00001424       0x38 c:/program files (x86)/cypress/psoc creator/3.3/psoc creator/import/gnu/arm/4.9.3/bin/../lib/gcc/arm-none-eabi/4.9.3/armv6-m\libgcc.a(ledf2.o)
 .debug_frame   0x0000145c       0x3c c:/program files (x86)/cypress/psoc creator/3.3/psoc creator/import/gnu/arm/4.9.3/bin/../lib/gcc/arm-none-eabi/4.9.3/armv6-m\libgcc.a(muldf3.o)
 .debug_frame   0x00001498       0x3c c:/program files (x86)/cypress/psoc creator/3.3/psoc creator/import/gnu/arm/4.9.3/bin/../lib/gcc/arm-none-eabi/4.9.3/armv6-m\libgcc.a(subdf3.o)
 .debug_frame   0x000014d4       0x2c c:/program files (x86)/cypress/psoc creator/3.3/psoc creator/import/gnu/arm/4.9.3/bin/../lib/gcc/arm-none-eabi/4.9.3/armv6-m\libgcc.a(fixdfsi.o)
 .debug_frame   0x00001500       0x2c c:/program files (x86)/cypress/psoc creator/3.3/psoc creator/import/gnu/arm/4.9.3/bin/../lib/gcc/arm-none-eabi/4.9.3/armv6-m\libgcc.a(floatsidf.o)
 .debug_frame   0x0000152c       0x28 c:/program files (x86)/cypress/psoc creator/3.3/psoc creator/import/gnu/arm/4.9.3/bin/../lib/gcc/arm-none-eabi/4.9.3/armv6-m\libgcc.a(floatunsidf.o)
 .debug_frame   0x00001554       0x20 c:/program files (x86)/cypress/psoc creator/3.3/psoc creator/import/gnu/arm/4.9.3/bin/../lib/gcc/arm-none-eabi/4.9.3/../../../../arm-none-eabi/lib/armv6-m\libg_nano.a(lib_a-errno.o)
 .debug_frame   0x00001574       0x28 c:/program files (x86)/cypress/psoc creator/3.3/psoc creator/import/gnu/arm/4.9.3/bin/../lib/gcc/arm-none-eabi/4.9.3/../../../../arm-none-eabi/lib/armv6-m\libg_nano.a(lib_a-exit.o)
 .debug_frame   0x0000159c       0x2c c:/program files (x86)/cypress/psoc creator/3.3/psoc creator/import/gnu/arm/4.9.3/bin/../lib/gcc/arm-none-eabi/4.9.3/../../../../arm-none-eabi/lib/armv6-m\libg_nano.a(lib_a-init.o)
 .debug_frame   0x000015c8       0x20 c:/program files (x86)/cypress/psoc creator/3.3/psoc creator/import/gnu/arm/4.9.3/bin/../lib/gcc/arm-none-eabi/4.9.3/../../../../arm-none-eabi/lib/armv6-m\libg_nano.a(lib_a-memset.o)

.debug_str      0x00000000     0x1b25
 *(.debug_str)
 .debug_str     0x00000000      0x26c .\CortexM0\ARM_GCC_493\Debug\main.o
                                0x2c4 (size before relaxing)
 .debug_str     0x0000026c      0x23d .\CortexM0\ARM_GCC_493\Debug\fonction.o
                                0x4a2 (size before relaxing)
 .debug_str     0x000004a9       0x5b .\CortexM0\ARM_GCC_493\Debug\cymetadata.o
                                0x1df (size before relaxing)
 .debug_str     0x00000504      0x151 .\CortexM0\ARM_GCC_493\Debug\Cm0Start.o
                                0x306 (size before relaxing)
 .debug_str     0x00000655       0xda .\CortexM0\ARM_GCC_493\Debug\ADXL345_sleep_xbee.a(cyfitter_cfg.o)
                                0x2af (size before relaxing)
 .debug_str     0x0000072f      0x169 .\CortexM0\ARM_GCC_493\Debug\ADXL345_sleep_xbee.a(Accelero.o)
                                0x329 (size before relaxing)
 .debug_str     0x00000898       0x9b .\CortexM0\ARM_GCC_493\Debug\ADXL345_sleep_xbee.a(Accelero_I2C.o)
                                0x26f (size before relaxing)
 .debug_str     0x00000933      0x283 .\CortexM0\ARM_GCC_493\Debug\ADXL345_sleep_xbee.a(Accelero_I2C_MASTER.o)
                                0x4e6 (size before relaxing)
 .debug_str     0x00000bb6       0x9d .\CortexM0\ARM_GCC_493\Debug\ADXL345_sleep_xbee.a(Accelero_sda.o)
                                0x242 (size before relaxing)
 .debug_str     0x00000c53       0x77 .\CortexM0\ARM_GCC_493\Debug\ADXL345_sleep_xbee.a(Accelero_scl.o)
                                0x242 (size before relaxing)
 .debug_str     0x00000cca      0x422 .\CortexM0\ARM_GCC_493\Debug\ADXL345_sleep_xbee.a(CyLib.o)
                                0x65a (size before relaxing)
 .debug_str     0x000010ec       0xb7 .\CortexM0\ARM_GCC_493\Debug\ADXL345_sleep_xbee.a(cyPm.o)
                                0x2ba (size before relaxing)
 .debug_str     0x000011a3      0x3f9 .\CortexM0\ARM_GCC_493\Debug\ADXL345_sleep_xbee.a(CyLFClk.o)
                                0x664 (size before relaxing)
 .debug_str     0x0000159c       0x97 .\CortexM0\ARM_GCC_493\Debug\ADXL345_sleep_xbee.a(Pin_gestion_sleep_xbee.o)
                                0x27e (size before relaxing)
 .debug_str     0x00001633      0x1d7 .\CortexM0\ARM_GCC_493\Debug\ADXL345_sleep_xbee.a(zigbee.o)
                                0x3cd (size before relaxing)
 .debug_str     0x0000180a       0x9e .\CortexM0\ARM_GCC_493\Debug\ADXL345_sleep_xbee.a(zigbee_PM.o)
                                0x263 (size before relaxing)
 .debug_str     0x000018a8       0x64 .\CortexM0\ARM_GCC_493\Debug\ADXL345_sleep_xbee.a(Pin_tx.o)
                                0x21e (size before relaxing)
 .debug_str     0x0000190c       0xd0 .\CortexM0\ARM_GCC_493\Debug\ADXL345_sleep_xbee.a(zigbee_IntClock.o)
                                0x28a (size before relaxing)
 .debug_str     0x000019dc       0xf6 .\CortexM0\ARM_GCC_493\Debug\ADXL345_sleep_xbee.a(WdtIsr.o)
                                0x2fd (size before relaxing)
 .debug_str     0x00001ad2       0x53 .\CortexM0\ARM_GCC_493\Debug\ADXL345_sleep_xbee.a(Accelero_I2C_INT.o)
                                0x2f0 (size before relaxing)

.debug_loc      0x00000000     0x23a1
 *(.debug_loc)
 .debug_loc     0x00000000       0x1f .\CortexM0\ARM_GCC_493\Debug\main.o
 .debug_loc     0x0000001f      0x493 .\CortexM0\ARM_GCC_493\Debug\fonction.o
 .debug_loc     0x000004b2      0x14f .\CortexM0\ARM_GCC_493\Debug\Cm0Start.o
 .debug_loc     0x00000601      0x118 .\CortexM0\ARM_GCC_493\Debug\ADXL345_sleep_xbee.a(cyfitter_cfg.o)
 .debug_loc     0x00000719       0x7e .\CortexM0\ARM_GCC_493\Debug\ADXL345_sleep_xbee.a(Accelero.o)
 .debug_loc     0x00000797      0x882 .\CortexM0\ARM_GCC_493\Debug\ADXL345_sleep_xbee.a(Accelero_I2C_MASTER.o)
 .debug_loc     0x00001019       0x81 .\CortexM0\ARM_GCC_493\Debug\ADXL345_sleep_xbee.a(Accelero_sda.o)
 .debug_loc     0x0000109a       0x60 .\CortexM0\ARM_GCC_493\Debug\ADXL345_sleep_xbee.a(Accelero_scl.o)
 .debug_loc     0x000010fa      0x534 .\CortexM0\ARM_GCC_493\Debug\ADXL345_sleep_xbee.a(CyLib.o)
 .debug_loc     0x0000162e       0xe1 .\CortexM0\ARM_GCC_493\Debug\ADXL345_sleep_xbee.a(cyPm.o)
 .debug_loc     0x0000170f      0x7df .\CortexM0\ARM_GCC_493\Debug\ADXL345_sleep_xbee.a(CyLFClk.o)
 .debug_loc     0x00001eee       0x81 .\CortexM0\ARM_GCC_493\Debug\ADXL345_sleep_xbee.a(Pin_gestion_sleep_xbee.o)
 .debug_loc     0x00001f6f      0x202 .\CortexM0\ARM_GCC_493\Debug\ADXL345_sleep_xbee.a(zigbee.o)
 .debug_loc     0x00002171       0x81 .\CortexM0\ARM_GCC_493\Debug\ADXL345_sleep_xbee.a(Pin_tx.o)
 .debug_loc     0x000021f2       0x21 .\CortexM0\ARM_GCC_493\Debug\ADXL345_sleep_xbee.a(zigbee_IntClock.o)
 .debug_loc     0x00002213       0x82 .\CortexM0\ARM_GCC_493\Debug\ADXL345_sleep_xbee.a(WdtIsr.o)
 .debug_loc     0x00002295      0x10c .\CortexM0\ARM_GCC_493\Debug\ADXL345_sleep_xbee.a(Accelero_I2C_INT.o)

.debug_macinfo
 *(.debug_macinfo)

.debug_ranges   0x00000000      0x680
 *(.debug_ranges)
 .debug_ranges  0x00000000       0x18 .\CortexM0\ARM_GCC_493\Debug\main.o
 .debug_ranges  0x00000018       0x40 .\CortexM0\ARM_GCC_493\Debug\fonction.o
 .debug_ranges  0x00000058       0x38 .\CortexM0\ARM_GCC_493\Debug\Cm0Start.o
 .debug_ranges  0x00000090       0x28 .\CortexM0\ARM_GCC_493\Debug\ADXL345_sleep_xbee.a(cyfitter_cfg.o)
 .debug_ranges  0x000000b8       0x58 .\CortexM0\ARM_GCC_493\Debug\ADXL345_sleep_xbee.a(Accelero.o)
 .debug_ranges  0x00000110       0x18 .\CortexM0\ARM_GCC_493\Debug\ADXL345_sleep_xbee.a(Accelero_I2C.o)
 .debug_ranges  0x00000128       0x78 .\CortexM0\ARM_GCC_493\Debug\ADXL345_sleep_xbee.a(Accelero_I2C_MASTER.o)
 .debug_ranges  0x000001a0       0x30 .\CortexM0\ARM_GCC_493\Debug\ADXL345_sleep_xbee.a(Accelero_sda.o)
 .debug_ranges  0x000001d0       0x30 .\CortexM0\ARM_GCC_493\Debug\ADXL345_sleep_xbee.a(Accelero_scl.o)
 .debug_ranges  0x00000200      0x160 .\CortexM0\ARM_GCC_493\Debug\ADXL345_sleep_xbee.a(CyLib.o)
 .debug_ranges  0x00000360       0x48 .\CortexM0\ARM_GCC_493\Debug\ADXL345_sleep_xbee.a(cyPm.o)
 .debug_ranges  0x000003a8      0x110 .\CortexM0\ARM_GCC_493\Debug\ADXL345_sleep_xbee.a(CyLFClk.o)
 .debug_ranges  0x000004b8       0x30 .\CortexM0\ARM_GCC_493\Debug\ADXL345_sleep_xbee.a(Pin_gestion_sleep_xbee.o)
 .debug_ranges  0x000004e8       0x90 .\CortexM0\ARM_GCC_493\Debug\ADXL345_sleep_xbee.a(zigbee.o)
 .debug_ranges  0x00000578       0x28 .\CortexM0\ARM_GCC_493\Debug\ADXL345_sleep_xbee.a(zigbee_PM.o)
 .debug_ranges  0x000005a0       0x30 .\CortexM0\ARM_GCC_493\Debug\ADXL345_sleep_xbee.a(Pin_tx.o)
 .debug_ranges  0x000005d0       0x30 .\CortexM0\ARM_GCC_493\Debug\ADXL345_sleep_xbee.a(zigbee_IntClock.o)
 .debug_ranges  0x00000600       0x70 .\CortexM0\ARM_GCC_493\Debug\ADXL345_sleep_xbee.a(WdtIsr.o)
 .debug_ranges  0x00000670       0x10 .\CortexM0\ARM_GCC_493\Debug\ADXL345_sleep_xbee.a(Accelero_I2C_INT.o)

.comment        0x00000000       0x70
 .comment       0x00000000       0x70 .\CortexM0\ARM_GCC_493\Debug\main.o
                                 0x71 (size before relaxing)
 .comment       0x00000000       0x71 .\CortexM0\ARM_GCC_493\Debug\fonction.o
 .comment       0x00000000       0x71 .\CortexM0\ARM_GCC_493\Debug\cymetadata.o
 .comment       0x00000000       0x71 .\CortexM0\ARM_GCC_493\Debug\Cm0Start.o
 .comment       0x00000000       0x71 .\CortexM0\ARM_GCC_493\Debug\ADXL345_sleep_xbee.a(cyfitter_cfg.o)
 .comment       0x00000000       0x71 .\CortexM0\ARM_GCC_493\Debug\ADXL345_sleep_xbee.a(Accelero.o)
 .comment       0x00000000       0x71 .\CortexM0\ARM_GCC_493\Debug\ADXL345_sleep_xbee.a(Accelero_I2C.o)
 .comment       0x00000000       0x71 .\CortexM0\ARM_GCC_493\Debug\ADXL345_sleep_xbee.a(Accelero_I2C_MASTER.o)
 .comment       0x00000000       0x71 .\CortexM0\ARM_GCC_493\Debug\ADXL345_sleep_xbee.a(Accelero_sda.o)
 .comment       0x00000000       0x71 .\CortexM0\ARM_GCC_493\Debug\ADXL345_sleep_xbee.a(Accelero_scl.o)
 .comment       0x00000000       0x71 .\CortexM0\ARM_GCC_493\Debug\ADXL345_sleep_xbee.a(CyLib.o)
 .comment       0x00000000       0x71 .\CortexM0\ARM_GCC_493\Debug\ADXL345_sleep_xbee.a(cyPm.o)
 .comment       0x00000000       0x71 .\CortexM0\ARM_GCC_493\Debug\ADXL345_sleep_xbee.a(CyLFClk.o)
 .comment       0x00000000       0x71 .\CortexM0\ARM_GCC_493\Debug\ADXL345_sleep_xbee.a(Pin_gestion_sleep_xbee.o)
 .comment       0x00000000       0x71 .\CortexM0\ARM_GCC_493\Debug\ADXL345_sleep_xbee.a(zigbee.o)
 .comment       0x00000000       0x71 .\CortexM0\ARM_GCC_493\Debug\ADXL345_sleep_xbee.a(zigbee_PM.o)
 .comment       0x00000000       0x71 .\CortexM0\ARM_GCC_493\Debug\ADXL345_sleep_xbee.a(Pin_tx.o)
 .comment       0x00000000       0x71 .\CortexM0\ARM_GCC_493\Debug\ADXL345_sleep_xbee.a(zigbee_IntClock.o)
 .comment       0x00000000       0x71 .\CortexM0\ARM_GCC_493\Debug\ADXL345_sleep_xbee.a(WdtIsr.o)
 .comment       0x00000000       0x71 .\CortexM0\ARM_GCC_493\Debug\ADXL345_sleep_xbee.a(Accelero_I2C_INT.o)

.debug_weaknames
 *(.debug_weaknames)

.debug_funcnames
 *(.debug_funcnames)

.debug_typenames
 *(.debug_typenames)

.debug_varnames
 *(.debug_varnames)

.note.gnu.arm.ident
 *(.note.gnu.arm.ident)

.ARM.attributes
                0x00000000       0x28
 *(.ARM.attributes)
 .ARM.attributes
                0x00000000       0x1e c:/program files (x86)/cypress/psoc creator/3.3/psoc creator/import/gnu/arm/4.9.3/bin/../lib/gcc/arm-none-eabi/4.9.3/armv6-m/crti.o
 .ARM.attributes
                0x0000001e       0x2c c:/program files (x86)/cypress/psoc creator/3.3/psoc creator/import/gnu/arm/4.9.3/bin/../lib/gcc/arm-none-eabi/4.9.3/armv6-m/crtbegin.o
 .ARM.attributes
                0x0000004a       0x1b c:/program files (x86)/cypress/psoc creator/3.3/psoc creator/import/gnu/arm/4.9.3/bin/../lib/gcc/arm-none-eabi/4.9.3/../../../../arm-none-eabi/lib/armv6-m/crt0.o
 .ARM.attributes
                0x00000065       0x31 .\CortexM0\ARM_GCC_493\Debug\main.o
 .ARM.attributes
                0x00000096       0x31 .\CortexM0\ARM_GCC_493\Debug\fonction.o
 .ARM.attributes
                0x000000c7       0x31 .\CortexM0\ARM_GCC_493\Debug\cymetadata.o
 .ARM.attributes
                0x000000f8       0x31 .\CortexM0\ARM_GCC_493\Debug\Cm0Start.o
 .ARM.attributes
                0x00000129       0x31 .\CortexM0\ARM_GCC_493\Debug\ADXL345_sleep_xbee.a(cyfitter_cfg.o)
 .ARM.attributes
                0x0000015a       0x31 .\CortexM0\ARM_GCC_493\Debug\ADXL345_sleep_xbee.a(Accelero.o)
 .ARM.attributes
                0x0000018b       0x31 .\CortexM0\ARM_GCC_493\Debug\ADXL345_sleep_xbee.a(Accelero_I2C.o)
 .ARM.attributes
                0x000001bc       0x31 .\CortexM0\ARM_GCC_493\Debug\ADXL345_sleep_xbee.a(Accelero_I2C_MASTER.o)
 .ARM.attributes
                0x000001ed       0x31 .\CortexM0\ARM_GCC_493\Debug\ADXL345_sleep_xbee.a(Accelero_sda.o)
 .ARM.attributes
                0x0000021e       0x31 .\CortexM0\ARM_GCC_493\Debug\ADXL345_sleep_xbee.a(Accelero_scl.o)
 .ARM.attributes
                0x0000024f       0x31 .\CortexM0\ARM_GCC_493\Debug\ADXL345_sleep_xbee.a(CyLib.o)
 .ARM.attributes
                0x00000280       0x31 .\CortexM0\ARM_GCC_493\Debug\ADXL345_sleep_xbee.a(cyPm.o)
 .ARM.attributes
                0x000002b1       0x31 .\CortexM0\ARM_GCC_493\Debug\ADXL345_sleep_xbee.a(CyLFClk.o)
 .ARM.attributes
                0x000002e2       0x31 .\CortexM0\ARM_GCC_493\Debug\ADXL345_sleep_xbee.a(Pin_gestion_sleep_xbee.o)
 .ARM.attributes
                0x00000313       0x31 .\CortexM0\ARM_GCC_493\Debug\ADXL345_sleep_xbee.a(zigbee.o)
 .ARM.attributes
                0x00000344       0x31 .\CortexM0\ARM_GCC_493\Debug\ADXL345_sleep_xbee.a(zigbee_PM.o)
 .ARM.attributes
                0x00000375       0x31 .\CortexM0\ARM_GCC_493\Debug\ADXL345_sleep_xbee.a(Pin_tx.o)
 .ARM.attributes
                0x000003a6       0x31 .\CortexM0\ARM_GCC_493\Debug\ADXL345_sleep_xbee.a(zigbee_IntClock.o)
 .ARM.attributes
                0x000003d7       0x31 .\CortexM0\ARM_GCC_493\Debug\ADXL345_sleep_xbee.a(WdtIsr.o)
 .ARM.attributes
                0x00000408       0x31 .\CortexM0\ARM_GCC_493\Debug\ADXL345_sleep_xbee.a(Accelero_I2C_INT.o)
 .ARM.attributes
                0x00000439       0x21 .\CortexM0\ARM_GCC_493\Debug\ADXL345_sleep_xbee.a(CyBootAsmGnu.o)
 .ARM.attributes
                0x0000045a       0x2c c:/program files (x86)/cypress/psoc creator/3.3/psoc creator/import/gnu/arm/4.9.3/bin/../lib/gcc/arm-none-eabi/4.9.3/../../../../arm-none-eabi/lib/armv6-m\libm.a(lib_a-w_sqrt.o)
 .ARM.attributes
                0x00000486       0x2c c:/program files (x86)/cypress/psoc creator/3.3/psoc creator/import/gnu/arm/4.9.3/bin/../lib/gcc/arm-none-eabi/4.9.3/../../../../arm-none-eabi/lib/armv6-m\libm.a(lib_a-e_sqrt.o)
 .ARM.attributes
                0x000004b2       0x2c c:/program files (x86)/cypress/psoc creator/3.3/psoc creator/import/gnu/arm/4.9.3/bin/../lib/gcc/arm-none-eabi/4.9.3/../../../../arm-none-eabi/lib/armv6-m\libm.a(lib_a-s_fpclassify.o)
 .ARM.attributes
                0x000004de       0x2c c:/program files (x86)/cypress/psoc creator/3.3/psoc creator/import/gnu/arm/4.9.3/bin/../lib/gcc/arm-none-eabi/4.9.3/../../../../arm-none-eabi/lib/armv6-m\libm.a(lib_a-s_lib_ver.o)
 .ARM.attributes
                0x0000050a       0x2c c:/program files (x86)/cypress/psoc creator/3.3/psoc creator/import/gnu/arm/4.9.3/bin/../lib/gcc/arm-none-eabi/4.9.3/../../../../arm-none-eabi/lib/armv6-m\libm.a(lib_a-s_matherr.o)
 .ARM.attributes
                0x00000536       0x1e c:/program files (x86)/cypress/psoc creator/3.3/psoc creator/import/gnu/arm/4.9.3/bin/../lib/gcc/arm-none-eabi/4.9.3/armv6-m\libgcc.a(_udivsi3.o)
 .ARM.attributes
                0x00000554       0x1e c:/program files (x86)/cypress/psoc creator/3.3/psoc creator/import/gnu/arm/4.9.3/bin/../lib/gcc/arm-none-eabi/4.9.3/armv6-m\libgcc.a(_dvmd_tls.o)
 .ARM.attributes
                0x00000572       0x1e c:/program files (x86)/cypress/psoc creator/3.3/psoc creator/import/gnu/arm/4.9.3/bin/../lib/gcc/arm-none-eabi/4.9.3/armv6-m\libgcc.a(_arm_cmpdf2.o)
 .ARM.attributes
                0x00000590       0x2c c:/program files (x86)/cypress/psoc creator/3.3/psoc creator/import/gnu/arm/4.9.3/bin/../lib/gcc/arm-none-eabi/4.9.3/armv6-m\libgcc.a(_fixunsdfsi.o)
 .ARM.attributes
                0x000005bc       0x2c c:/program files (x86)/cypress/psoc creator/3.3/psoc creator/import/gnu/arm/4.9.3/bin/../lib/gcc/arm-none-eabi/4.9.3/armv6-m\libgcc.a(adddf3.o)
 .ARM.attributes
                0x000005e8       0x2c c:/program files (x86)/cypress/psoc creator/3.3/psoc creator/import/gnu/arm/4.9.3/bin/../lib/gcc/arm-none-eabi/4.9.3/armv6-m\libgcc.a(divdf3.o)
 .ARM.attributes
                0x00000614       0x2c c:/program files (x86)/cypress/psoc creator/3.3/psoc creator/import/gnu/arm/4.9.3/bin/../lib/gcc/arm-none-eabi/4.9.3/armv6-m\libgcc.a(eqdf2.o)
 .ARM.attributes
                0x00000640       0x2c c:/program files (x86)/cypress/psoc creator/3.3/psoc creator/import/gnu/arm/4.9.3/bin/../lib/gcc/arm-none-eabi/4.9.3/armv6-m\libgcc.a(gedf2.o)
 .ARM.attributes
                0x0000066c       0x2c c:/program files (x86)/cypress/psoc creator/3.3/psoc creator/import/gnu/arm/4.9.3/bin/../lib/gcc/arm-none-eabi/4.9.3/armv6-m\libgcc.a(ledf2.o)
 .ARM.attributes
                0x00000698       0x2c c:/program files (x86)/cypress/psoc creator/3.3/psoc creator/import/gnu/arm/4.9.3/bin/../lib/gcc/arm-none-eabi/4.9.3/armv6-m\libgcc.a(muldf3.o)
 .ARM.attributes
                0x000006c4       0x2c c:/program files (x86)/cypress/psoc creator/3.3/psoc creator/import/gnu/arm/4.9.3/bin/../lib/gcc/arm-none-eabi/4.9.3/armv6-m\libgcc.a(subdf3.o)
 .ARM.attributes
                0x000006f0       0x2c c:/program files (x86)/cypress/psoc creator/3.3/psoc creator/import/gnu/arm/4.9.3/bin/../lib/gcc/arm-none-eabi/4.9.3/armv6-m\libgcc.a(fixdfsi.o)
 .ARM.attributes
                0x0000071c       0x2c c:/program files (x86)/cypress/psoc creator/3.3/psoc creator/import/gnu/arm/4.9.3/bin/../lib/gcc/arm-none-eabi/4.9.3/armv6-m\libgcc.a(floatsidf.o)
 .ARM.attributes
                0x00000748       0x2c c:/program files (x86)/cypress/psoc creator/3.3/psoc creator/import/gnu/arm/4.9.3/bin/../lib/gcc/arm-none-eabi/4.9.3/armv6-m\libgcc.a(floatunsidf.o)
 .ARM.attributes
                0x00000774       0x1e c:/program files (x86)/cypress/psoc creator/3.3/psoc creator/import/gnu/arm/4.9.3/bin/../lib/gcc/arm-none-eabi/4.9.3/armv6-m\libgcc.a(_clzsi2.o)
 .ARM.attributes
                0x00000792       0x2c c:/program files (x86)/cypress/psoc creator/3.3/psoc creator/import/gnu/arm/4.9.3/bin/../lib/gcc/arm-none-eabi/4.9.3/../../../../arm-none-eabi/lib/armv6-m\libg_nano.a(lib_a-errno.o)
 .ARM.attributes
                0x000007be       0x2c c:/program files (x86)/cypress/psoc creator/3.3/psoc creator/import/gnu/arm/4.9.3/bin/../lib/gcc/arm-none-eabi/4.9.3/../../../../arm-none-eabi/lib/armv6-m\libg_nano.a(lib_a-exit.o)
 .ARM.attributes
                0x000007ea       0x2c c:/program files (x86)/cypress/psoc creator/3.3/psoc creator/import/gnu/arm/4.9.3/bin/../lib/gcc/arm-none-eabi/4.9.3/../../../../arm-none-eabi/lib/armv6-m\libg_nano.a(lib_a-impure.o)
 .ARM.attributes
                0x00000816       0x2c c:/program files (x86)/cypress/psoc creator/3.3/psoc creator/import/gnu/arm/4.9.3/bin/../lib/gcc/arm-none-eabi/4.9.3/../../../../arm-none-eabi/lib/armv6-m\libg_nano.a(lib_a-init.o)
 .ARM.attributes
                0x00000842       0x2c c:/program files (x86)/cypress/psoc creator/3.3/psoc creator/import/gnu/arm/4.9.3/bin/../lib/gcc/arm-none-eabi/4.9.3/../../../../arm-none-eabi/lib/armv6-m\libg_nano.a(lib_a-memset.o)
 .ARM.attributes
                0x0000086e       0x2c c:/program files (x86)/cypress/psoc creator/3.3/psoc creator/import/gnu/arm/4.9.3/bin/../lib/gcc/arm-none-eabi/4.9.3/armv6-m/crtend.o
 .ARM.attributes
                0x0000089a       0x1e c:/program files (x86)/cypress/psoc creator/3.3/psoc creator/import/gnu/arm/4.9.3/bin/../lib/gcc/arm-none-eabi/4.9.3/armv6-m/crtn.o

/DISCARD/
 *(.note.GNU-stack)
OUTPUT(.\CortexM0\ARM_GCC_493\Debug\ADXL345_sleep_xbee.elf elf32-littlearm)
